{'causes': "1.  **Depleted or improperly seated battery:** The battery might be completely drained and needs charging, or it's not making proper contact with the computer's terminals. This is a common initial point of failure that can prevent charging.\n2.  **Defective battery:** The battery itself may have failed due to age or internal fault, preventing it from holding or accepting a charge. The troubleshooting guide points to this if indicators are solid but no AC power, or if a spare battery works.\n3.  **Overheating battery:** The battery's temperature might be too high, causing the system to prevent charging as a safety measure. The guide specifically mentions this if a single bar appears on the far left of the status indicator.\n4.  **Faulty AC adapter or charging port:** The power adapter might not be supplying power correctly, or the charging port on the laptop could be damaged, preventing power from reaching the battery and charging circuit.", 'fixes': '### Fix 1: Reseat Battery and Initiate Charging [EASY]\n**Tools Required:** None\n1.  Turn off the computer and disconnect all peripherals, including the AC adapter.\n2.  Carefully remove the installed battery from its compartment.\n3.  Wait for a few seconds, then reinsert the battery firmly, ensuring it is properly seated.\n4.  Reconnect the AC adapter to the computer and a working power outlet.\n5.  Turn on the computer and allow at least one minute for it to initialize. Observe if the battery status indicator appears and if charging begins.\n\n### Fix 2: Check for Overheating and Battery Status [EASY]\n**Tools Required:** None\n1.  After performing Fix 1, observe the battery status indicator in the status display panel.\n2.  If the indicator shows a single bar on the far left, the battery may be too hot. Turn off the computer, remove the battery, and let it cool down to room temperature for at least 30 minutes.\n3.  Reinstall the cooled battery, reconnect the AC adapter, and reboot the computer. Check the battery status again.\n4.  If the battery status indicator is solid but the AC power indicator does not appear, or if the indicator remains empty/does not appear after charging attempts, proceed to the next fix.\n\n### Fix 3: Test with AC Adapter and/or Spare Battery [MEDIUM]\n**Tools Required:** Spare AC adapter (optional), Spare battery (optional)\n1.  Ensure the AC adapter is securely connected to both the computer and a working power outlet. If the computer does not boot or operate normally even when connected to AC power (without relying on the battery), the AC adapter or charging port may be faulty.\n2.  If a fully charged spare battery is available, turn off the computer, install the spare battery, and then turn on the computer.\n3.  Observe if the battery status indicator appears and if the computer operates normally with the spare battery. This helps determine if your original battery is defective.', 'verdict': '🏥 GO TO SERVICE CENTER — The initial troubleshooting steps (reseating the battery, checking for overheating, and attempting to charge) can be performed by the user at home. However, if these steps do not resolve the "battery not charging" issue, the provided Dell troubleshooting guide consistently recommends calling Dell for technical assistance, especially if a defective battery or a more complex power issue is suspected. A technician would likely perform further diagnostics to pinpoint if the battery, AC adapter, or internal charging components are at fault and proceed with replacement or repair.', 'tips': '1.  **Use the correct AC adapter:** Always use the AC adapter specifically designed for your laptop model to ensure proper voltage and current delivery, preventing damage to the battery and charging circuitry.\n2.  **Avoid extreme temperatures:** Do not expose your laptop or battery to very high or low temperatures, as this can degrade battery life and performance, and potentially lead to charging issues.\n3.  **Regularly cycle the battery:** To maintain battery health, avoid keeping the laptop constantly plugged in at 100% charge. Occasionally allow the battery to discharge to a moderate level (e.g., 20-30%) before recharging.', 'raw': '## POSSIBLE CAUSES\n1.  **Depleted or improperly seated battery:** The battery might be completely drained and needs charging, or it\'s not making proper contact with the computer\'s terminals. This is a common initial point of failure that can prevent charging.\n2.  **Defective battery:** The battery itself may have failed due to age or internal fault, preventing it from holding or accepting a charge. The troubleshooting guide points to this if indicators are solid but no AC power, or if a spare battery works.\n3.  **Overheating battery:** The battery\'s temperature might be too high, causing the system to prevent charging as a safety measure. The guide specifically mentions this if a single bar appears on the far left of the status indicator.\n4.  **Faulty AC adapter or charging port:** The power adapter might not be supplying power correctly, or the charging port on the laptop could be damaged, preventing power from reaching the battery and charging circuit.\n\n## RECOMMENDED FIXES\n\n### Fix 1: Reseat Battery and Initiate Charging [EASY]\n**Tools Required:** None\n1.  Turn off the computer and disconnect all peripherals, including the AC adapter.\n2.  Carefully remove the installed battery from its compartment.\n3.  Wait for a few seconds, then reinsert the battery firmly, ensuring it is properly seated.\n4.  Reconnect the AC adapter to the computer and a working power outlet.\n5.  Turn on the computer and allow at least one minute for it to initialize. Observe if the battery status indicator appears and if charging begins.\n\n### Fix 2: Check for Overheating and Battery Status [EASY]\n**Tools Required:** None\n1.  After performing Fix 1, observe the battery status indicator in the status display panel.\n2.  If the indicator shows a single bar on the far left, the battery may be too hot. Turn off the computer, remove the battery, and let it cool down to room temperature for at least 30 minutes.\n3.  Reinstall the cooled battery, reconnect the AC adapter, and reboot the computer. Check the battery status again.\n4.  If the battery status indicator is solid but the AC power indicator does not appear, or if the indicator remains empty/does not appear after charging attempts, proceed to the next fix.\n\n### Fix 3: Test with AC Adapter and/or Spare Battery [MEDIUM]\n**Tools Required:** Spare AC adapter (optional), Spare battery (optional)\n1.  Ensure the AC adapter is securely connected to both the computer and a working power outlet. If the computer does not boot or operate normally even when connected to AC power (without relying on the battery), the AC adapter or charging port may be faulty.\n2.  If a fully charged spare battery is available, turn off the computer, install the spare battery, and then turn on the computer.\n3.  Observe if the battery status indicator appears and if the computer operates normally with the spare battery. This helps determine if your original battery is defective.\n\n## VERDICT\n🏥 GO TO SERVICE CENTER — The initial troubleshooting steps (reseating the battery, checking for overheating, and attempting to charge) can be performed by the user at home. However, if these steps do not resolve the "battery not charging" issue, the provided Dell troubleshooting guide consistently recommends calling Dell for technical assistance, especially if a defective battery or a more complex power issue is suspected. A technician would likely perform further diagnostics to pinpoint if the battery, AC adapter, or internal charging components are at fault and proceed with replacement or repair.\n\n## ADDITIONAL TIPS\n1.  **Use the correct AC adapter:** Always use the AC adapter specifically designed for your laptop model to ensure proper voltage and current delivery, preventing damage to the battery and charging circuitry.\n2.  **Avoid extreme temperatures:** Do not expose your laptop or battery to very high or low temperatures, as this can degrade battery life and performance, and potentially lead to charging issues.\n3.  **Regularly cycle the battery:** To maintain battery health, avoid keeping the laptop constantly plugged in at 100% charge. Occasionally allow the battery to discharge to a moderate level (e.g., 20-30%) before recharging.'}